5<=5: 1
5<=10: 1
10<=10: 1
10<=5: 0
a<=a: 1
a<=z: 1
z<=z: 1
z<=a: 0
