5<5: 0
5<10: 1
10<10: 0
10<5: 0
a<a: 0
a<z: 1
z<z: 0
z<a: 0
