5>5: 0
5>10: 0
10>10: 0
10>5: 1
a>a: 0
a>z: 0
z>z: 0
z>a: 1
