i = 1 is odd.
i = 2 is even.
i = 3 is odd.
i = 4 is even.
i = 5 is odd.
i = 6 is even.
i = 7 is odd.
i = 8 is even.
i = 9 is odd.
i = 10 is even.
i = 11 is odd.
i = 12 is even.
i = 13 is odd.
i = 14 is even.
i = 15 is odd.
i = 16 is even.
i = 17 is odd.
i = 18 is even.
i = 19 is odd.
i = 20 is even.
i = 21 is odd.
i = 22 is even.
i = 23 is odd.
i = 24 is even.
i = 25 is odd.
i = 26 is even.
i = 27 is odd.
i = 28 is even.
i = 29 is odd.
i = 30 is even.
i = 31 is odd.
i = 32 is even.
i = 33 is odd.
i = 34 is even.
i = 35 is odd.
i = 36 is even.
i = 37 is odd.
i = 38 is even.
i = 39 is odd.
i = 40 is even.
i = 41 is odd.
i = 42 is even.
i = 43 is odd.
i = 44 is even.
i = 45 is odd.
i = 46 is even.
i = 47 is odd.
i = 48 is even.
i = 49 is odd.
i = 50 is even.
i = 51 is odd.
i = 52 is even.
i = 53 is odd.
i = 54 is even.
i = 55 is odd.
i = 56 is even.
i = 57 is odd.
i = 58 is even.
i = 59 is odd.
i = 60 is even.
i = 61 is odd.
i = 62 is even.
i = 63 is odd.
i = 64 is even.
i = 65 is odd.
i = 66 is even.
i = 67 is odd.
i = 68 is even.
i = 69 is odd.
i = 70 is even.
i = 71 is odd.
i = 72 is even.
i = 73 is odd.
i = 74 is even.
i = 75 is odd.
i = 76 is even.
i = 77 is odd.
i = 78 is even.
i = 79 is odd.
i = 80 is even.
i = 81 is odd.
i = 82 is even.
i = 83 is odd.
i = 84 is even.
i = 85 is odd.
i = 86 is even.
i = 87 is odd.
i = 88 is even.
i = 89 is odd.
i = 90 is even.
i = 91 is odd.
i = 92 is even.
i = 93 is odd.
i = 94 is even.
i = 95 is odd.
i = 96 is even.
i = 97 is odd.
i = 98 is even.
i = 99 is odd.
i = 100 is even.
i = 101 is odd.
i = 102 is even.
i = 103 is odd.
i = 104 is even.
i = 105 is odd.
i = 106 is even.
i = 107 is odd.
i = 108 is even.
i = 109 is odd.
i = 110 is even.
i = 111 is odd.
i = 112 is even.
i = 113 is odd.
i = 114 is even.
i = 115 is odd.
i = 116 is even.
i = 117 is odd.
i = 118 is even.
i = 119 is odd.
i = 120 is even.
i = 121 is odd.
i = 122 is even.
i = 123 is odd.
i = 124 is even.
i = 125 is odd.
i = 126 is even.
i = 127 is odd.
