<?xml version="1.0" encoding="UTF-8"?>

<ProgramNode>
    <MainNode>
        <CodeBlockNode>
            <DeclarationStatementNode>
                <IdentifierNode name="ch1" />
                <CharacterLiteralNode value="97" />
            </DeclarationStatementNode>
            <DeclarationStatementNode>
                <IdentifierNode name="ch2" />
                <IdentifierNode name="ch1" />
            </DeclarationStatementNode>
            <DeclarationStatementNode>
                <IdentifierNode name="ch3" />
                <IdentifierNode name="ch1" />
            </DeclarationStatementNode>
            <DeclarationStatementNode>
                <IdentifierNode name="ch4" />
                <IdentifierNode name="ch2" />
            </DeclarationStatementNode>
            <DeclarationStatementNode>
                <IdentifierNode name="ch5" />
                <IdentifierNode name="ch3" />
            </DeclarationStatementNode>
            <PrintStatementNode>
                <IdentifierNode name="ch1" />
                <IdentifierNode name="ch2" />
                <IdentifierNode name="ch3" />
                <IdentifierNode name="ch4" />
                <IdentifierNode name="ch5" />
            </PrintStatementNode>
        </CodeBlockNode>
    </MainNode>
</ProgramNode>
