<?xml version="1.0" encoding="UTF-8"?>

<ProgramNode>
    <MainNode>
        <CodeBlockNode>
            <DeclarationStatementNode>
                <IdentifierNode name="a" />
                <StringLiteralNode value="test" />
            </DeclarationStatementNode>
        </CodeBlockNode>
    </MainNode>
</ProgramNode>
