<?xml version="1.0" encoding="UTF-8"?>

<ProgramNode>
    <MainNode>
        <CodeBlockNode>
            <DeclarationStatementNode>
                <IdentifierNode name="a" />
                <IntegerLiteralNode value="1" />
            </DeclarationStatementNode>
            <DeclarationStatementNode>
                <IdentifierNode name="b" />
                <IdentifierNode name="a" />
            </DeclarationStatementNode>
            <DeclarationStatementNode>
                <IdentifierNode name="c" />
                <IdentifierNode name="b" />
            </DeclarationStatementNode>
            <DeclarationStatementNode>
                <IdentifierNode name="d" />
                <IdentifierNode name="c" />
            </DeclarationStatementNode>
        </CodeBlockNode>
    </MainNode>
</ProgramNode>
