<?xml version="1.0" encoding="UTF-8"?>

<ProgramNode>
    <MainNode>
        <CodeBlockNode>
            <CodeBlockNode>
                <DeclarationStatementNode>
                    <IdentifierNode name="a" />
                    <IntegerLiteralNode value="1" />
                </DeclarationStatementNode>
            </CodeBlockNode>
            <CodeBlockNode>
                <DeclarationStatementNode>
                    <IdentifierNode name="a" />
                    <IntegerLiteralNode value="2" />
                </DeclarationStatementNode>
            </CodeBlockNode>
            <CodeBlockNode>
                <DeclarationStatementNode>
                    <IdentifierNode name="a" />
                    <IntegerLiteralNode value="3" />
                </DeclarationStatementNode>
            </CodeBlockNode>
            <CodeBlockNode>
                <DeclarationStatementNode>
                    <IdentifierNode name="a" />
                    <IntegerLiteralNode value="4" />
                </DeclarationStatementNode>
            </CodeBlockNode>
            <CodeBlockNode>
                <DeclarationStatementNode>
                    <IdentifierNode name="a" />
                    <IntegerLiteralNode value="5" />
                </DeclarationStatementNode>
            </CodeBlockNode>
        </CodeBlockNode>
    </MainNode>
</ProgramNode>
