<?xml version="1.0" encoding="UTF-8"?>

<ProgramNode>
    <MainNode>
        <CodeBlockNode>
        </CodeBlockNode>
    </MainNode>
</ProgramNode>
