<?xml version="1.0" encoding="UTF-8"?>

<ProgramNode>
    <MainNode>
        <CodeBlockNode>
            <DeclarationStatementNode>
                <IdentifierNode name="a" />
                <IntegerLiteralNode value="1" />
            </DeclarationStatementNode>
            <PrintStatementNode>
                <IdentifierNode name="a" />
            </PrintStatementNode>
        </CodeBlockNode>
    </MainNode>
</ProgramNode>
