<?xml version="1.0" encoding="UTF-8"?>

<ProgramNode>
    <MainNode>
        <CodeBlockNode>
            <DeclarationStatementNode>
                <IdentifierNode name="a" />
                <IntegerLiteralNode value="1" />
            </DeclarationStatementNode>
            <CodeBlockNode>
                <DeclarationStatementNode>
                    <IdentifierNode name="a" />
                    <IntegerLiteralNode value="2" />
                </DeclarationStatementNode>
                <CodeBlockNode>
                    <DeclarationStatementNode>
                        <IdentifierNode name="a" />
                        <IntegerLiteralNode value="3" />
                    </DeclarationStatementNode>
                    <CodeBlockNode>
                        <DeclarationStatementNode>
                            <IdentifierNode name="a" />
                            <IntegerLiteralNode value="4" />
                        </DeclarationStatementNode>
                        <CodeBlockNode>
                            <DeclarationStatementNode>
                                <IdentifierNode name="a" />
                                <IntegerLiteralNode value="5" />
                            </DeclarationStatementNode>
                        </CodeBlockNode>
                    </CodeBlockNode>
                </CodeBlockNode>
            </CodeBlockNode>
        </CodeBlockNode>
    </MainNode>
</ProgramNode>
