<?xml version="1.0" encoding="UTF-8"?>

<ProgramNode>
    <MainNode>
        <CodeBlockNode>
            <DeclarationStatementNode>
                <IdentifierNode name="e1" />
                <OperatorNode operator="==">
                    <BooleanLiteralNode value="1" />
                    <BooleanLiteralNode value="1" />
                </OperatorNode>
            </DeclarationStatementNode>
            <DeclarationStatementNode>
                <IdentifierNode name="e2" />
                <OperatorNode operator="==">
                    <BooleanLiteralNode value="1" />
                    <BooleanLiteralNode value="0" />
                </OperatorNode>
            </DeclarationStatementNode>
            <DeclarationStatementNode>
                <IdentifierNode name="e3" />
                <OperatorNode operator="==">
                    <BooleanLiteralNode value="0" />
                    <BooleanLiteralNode value="1" />
                </OperatorNode>
            </DeclarationStatementNode>
            <DeclarationStatementNode>
                <IdentifierNode name="e4" />
                <OperatorNode operator="==">
                    <BooleanLiteralNode value="0" />
                    <BooleanLiteralNode value="0" />
                </OperatorNode>
            </DeclarationStatementNode>
            <PrintStatementNode>
                <IdentifierNode name="e1" />
                <CharacterLiteralNode value="32" />
                <IdentifierNode name="e2" />
                <CharacterLiteralNode value="32" />
                <IdentifierNode name="e3" />
                <CharacterLiteralNode value="32" />
                <IdentifierNode name="e4" />
            </PrintStatementNode>
            <DeclarationStatementNode>
                <IdentifierNode name="e5" />
                <OperatorNode operator="==">
                    <OperatorNode operator="==">
                        <IdentifierNode name="e1" />
                        <IdentifierNode name="e3" />
                    </OperatorNode>
                    <BooleanLiteralNode value="1" />
                </OperatorNode>
            </DeclarationStatementNode>
            <DeclarationStatementNode>
                <IdentifierNode name="e6" />
                <OperatorNode operator="==">
                    <OperatorNode operator="==">
                        <IdentifierNode name="e3" />
                        <IdentifierNode name="e2" />
                    </OperatorNode>
                    <BooleanLiteralNode value="0" />
                </OperatorNode>
            </DeclarationStatementNode>
            <PrintStatementNode>
                <IdentifierNode name="e5" />
                <CharacterLiteralNode value="32" />
                <IdentifierNode name="e6" />
            </PrintStatementNode>
        </CodeBlockNode>
    </MainNode>
</ProgramNode>
