<?xml version="1.0" encoding="UTF-8"?>

<ProgramNode>
    <MainNode>
        <CodeBlockNode>
            <DeclarationStatementNode>
                <IdentifierNode name="a" />
                <OperatorNode operator="+">
                    <IntegerLiteralNode value="1" />
                    <IntegerLiteralNode value="2" />
                </OperatorNode>
            </DeclarationStatementNode>
        </CodeBlockNode>
    </MainNode>
</ProgramNode>
