<?xml version="1.0" encoding="UTF-8"?>

<ProgramNode>
    <MainNode>
        <CodeBlockNode>
            <DeclarationStatementNode>
                <IdentifierNode name="ch1" />
                <CharacterLiteralNode value="97" />
            </DeclarationStatementNode>
            <DeclarationStatementNode>
                <IdentifierNode name="ch2" />
                <CharacterLiteralNode value="98" />
            </DeclarationStatementNode>
            <PrintStatementNode>
                <OperatorNode operator="==">
                    <IdentifierNode name="ch1" />
                    <IdentifierNode name="ch1" />
                </OperatorNode>
                <CharacterLiteralNode value="32" />
                <OperatorNode operator="==">
                    <IdentifierNode name="ch1" />
                    <IdentifierNode name="ch2" />
                </OperatorNode>
                <CharacterLiteralNode value="32" />
                <OperatorNode operator="==">
                    <IdentifierNode name="ch2" />
                    <IdentifierNode name="ch2" />
                </OperatorNode>
            </PrintStatementNode>
            <PrintStatementNode>
                <OperatorNode operator="!=">
                    <IdentifierNode name="ch1" />
                    <IdentifierNode name="ch1" />
                </OperatorNode>
                <CharacterLiteralNode value="32" />
                <OperatorNode operator="!=">
                    <IdentifierNode name="ch1" />
                    <IdentifierNode name="ch2" />
                </OperatorNode>
                <CharacterLiteralNode value="32" />
                <OperatorNode operator="!=">
                    <IdentifierNode name="ch2" />
                    <IdentifierNode name="ch2" />
                </OperatorNode>
            </PrintStatementNode>
        </CodeBlockNode>
    </MainNode>
</ProgramNode>
