<?xml version="1.0" encoding="UTF-8"?>

<ProgramNode>
    <MainNode>
        <CodeBlockNode>
            <DeclarationStatementNode>
                <IdentifierNode name="a" />
                <OperatorNode operator="!=">
                    <BooleanLiteralNode value="1" />
                    <BooleanLiteralNode value="0" />
                </OperatorNode>
            </DeclarationStatementNode>
            <DeclarationStatementNode>
                <IdentifierNode name="b" />
                <OperatorNode operator="!=">
                    <BooleanLiteralNode value="0" />
                    <BooleanLiteralNode value="1" />
                </OperatorNode>
            </DeclarationStatementNode>
            <DeclarationStatementNode>
                <IdentifierNode name="c" />
                <OperatorNode operator="!=">
                    <BooleanLiteralNode value="1" />
                    <BooleanLiteralNode value="1" />
                </OperatorNode>
            </DeclarationStatementNode>
            <DeclarationStatementNode>
                <IdentifierNode name="d" />
                <OperatorNode operator="!=">
                    <BooleanLiteralNode value="0" />
                    <BooleanLiteralNode value="0" />
                </OperatorNode>
            </DeclarationStatementNode>
        </CodeBlockNode>
    </MainNode>
</ProgramNode>
