<?xml version="1.0" encoding="UTF-8"?>

<ProgramNode>
    <MainNode>
        <CodeBlockNode>
            <DeclarationStatementNode>
                <IdentifierNode name="a" />
                <BooleanLiteralNode value="1" />
            </DeclarationStatementNode>
            <DeclarationStatementNode>
                <IdentifierNode name="b" />
                <BooleanLiteralNode value="0" />
            </DeclarationStatementNode>
        </CodeBlockNode>
    </MainNode>
</ProgramNode>
