<?xml version="1.0" encoding="UTF-8"?>

<ProgramNode>
    <MainNode>
        <CodeBlockNode>
            <DeclarationStatementNode>
                <IdentifierNode name="a" />
                <IntegerLiteralNode value="5" />
            </DeclarationStatementNode>
            <DeclarationStatementNode>
                <IdentifierNode name="b" />
                <IntegerLiteralNode value="10" />
            </DeclarationStatementNode>
            <PrintStatementNode>
                <IdentifierNode name="a" />
                <StringLiteralNode value="<=" />
                <IdentifierNode name="a" />
                <StringLiteralNode value=": " />
                <OperatorNode operator="<=">
                    <IdentifierNode name="a" />
                    <IdentifierNode name="a" />
                </OperatorNode>
            </PrintStatementNode>
            <PrintStatementNode>
                <IdentifierNode name="a" />
                <StringLiteralNode value="<=" />
                <IdentifierNode name="b" />
                <StringLiteralNode value=": " />
                <OperatorNode operator="<=">
                    <IdentifierNode name="a" />
                    <IdentifierNode name="b" />
                </OperatorNode>
            </PrintStatementNode>
            <PrintStatementNode>
                <IdentifierNode name="b" />
                <StringLiteralNode value="<=" />
                <IdentifierNode name="b" />
                <StringLiteralNode value=": " />
                <OperatorNode operator="<=">
                    <IdentifierNode name="b" />
                    <IdentifierNode name="b" />
                </OperatorNode>
            </PrintStatementNode>
            <PrintStatementNode>
                <IdentifierNode name="b" />
                <StringLiteralNode value="<=" />
                <IdentifierNode name="a" />
                <StringLiteralNode value=": " />
                <OperatorNode operator="<=">
                    <IdentifierNode name="b" />
                    <IdentifierNode name="a" />
                </OperatorNode>
            </PrintStatementNode>
            <DeclarationStatementNode>
                <IdentifierNode name="c" />
                <CharacterLiteralNode value="97" />
            </DeclarationStatementNode>
            <DeclarationStatementNode>
                <IdentifierNode name="d" />
                <CharacterLiteralNode value="122" />
            </DeclarationStatementNode>
            <PrintStatementNode>
                <IdentifierNode name="c" />
                <StringLiteralNode value="<=" />
                <IdentifierNode name="c" />
                <StringLiteralNode value=": " />
                <OperatorNode operator="<=">
                    <IdentifierNode name="c" />
                    <IdentifierNode name="c" />
                </OperatorNode>
            </PrintStatementNode>
            <PrintStatementNode>
                <IdentifierNode name="c" />
                <StringLiteralNode value="<=" />
                <IdentifierNode name="d" />
                <StringLiteralNode value=": " />
                <OperatorNode operator="<=">
                    <IdentifierNode name="c" />
                    <IdentifierNode name="d" />
                </OperatorNode>
            </PrintStatementNode>
            <PrintStatementNode>
                <IdentifierNode name="d" />
                <StringLiteralNode value="<=" />
                <IdentifierNode name="d" />
                <StringLiteralNode value=": " />
                <OperatorNode operator="<=">
                    <IdentifierNode name="d" />
                    <IdentifierNode name="d" />
                </OperatorNode>
            </PrintStatementNode>
            <PrintStatementNode>
                <IdentifierNode name="d" />
                <StringLiteralNode value="<=" />
                <IdentifierNode name="c" />
                <StringLiteralNode value=": " />
                <OperatorNode operator="<=">
                    <IdentifierNode name="d" />
                    <IdentifierNode name="c" />
                </OperatorNode>
            </PrintStatementNode>
        </CodeBlockNode>
    </MainNode>
</ProgramNode>
