<?xml version="1.0" encoding="UTF-8"?>

<ProgramNode>
    <MainNode>
        <CodeBlockNode>
            <DeclarationStatementNode>
                <IdentifierNode name="a" />
                <OperatorNode operator="!=">
                    <OperatorNode operator="==">
                        <BooleanLiteralNode value="1" />
                        <BooleanLiteralNode value="1" />
                    </OperatorNode>
                    <BooleanLiteralNode value="0" />
                </OperatorNode>
            </DeclarationStatementNode>
            <DeclarationStatementNode>
                <IdentifierNode name="b" />
                <OperatorNode operator="!=">
                    <OperatorNode operator="==">
                        <BooleanLiteralNode value="0" />
                        <BooleanLiteralNode value="0" />
                    </OperatorNode>
                    <BooleanLiteralNode value="1" />
                </OperatorNode>
            </DeclarationStatementNode>
            <DeclarationStatementNode>
                <IdentifierNode name="c" />
                <OperatorNode operator="==">
                    <OperatorNode operator="!=">
                        <BooleanLiteralNode value="1" />
                        <BooleanLiteralNode value="0" />
                    </OperatorNode>
                    <BooleanLiteralNode value="1" />
                </OperatorNode>
            </DeclarationStatementNode>
            <PrintStatementNode>
                <IdentifierNode name="a" />
                <IdentifierNode name="b" />
                <IdentifierNode name="c" />
            </PrintStatementNode>
        </CodeBlockNode>
    </MainNode>
</ProgramNode>
