<?xml version="1.0" encoding="UTF-8"?>

<ProgramNode>
    <MainNode>
        <CodeBlockNode>
            <DeclarationStatementNode>
                <IdentifierNode name="a" />
                <IntegerLiteralNode value="1" />
            </DeclarationStatementNode>
            <DeclarationStatementNode>
                <IdentifierNode name="a1" />
                <OperatorNode operator="-">
                    <IdentifierNode name="a" />
                </OperatorNode>
            </DeclarationStatementNode>
            <DeclarationStatementNode>
                <IdentifierNode name="a2" />
                <OperatorNode operator="+">
                    <IdentifierNode name="a" />
                </OperatorNode>
            </DeclarationStatementNode>
            <DeclarationStatementNode>
                <IdentifierNode name="a3" />
                <OperatorNode operator="+">
                    <OperatorNode operator="-">
                        <IdentifierNode name="a" />
                    </OperatorNode>
                </OperatorNode>
            </DeclarationStatementNode>
            <DeclarationStatementNode>
                <IdentifierNode name="a4" />
                <OperatorNode operator="-">
                    <OperatorNode operator="+">
                        <IdentifierNode name="a" />
                    </OperatorNode>
                </OperatorNode>
            </DeclarationStatementNode>
            <DeclarationStatementNode>
                <IdentifierNode name="a5" />
                <OperatorNode operator="-">
                    <OperatorNode operator="+">
                        <OperatorNode operator="-">
                            <OperatorNode operator="+">
                                <OperatorNode operator="-">
                                    <OperatorNode operator="+">
                                        <OperatorNode operator="-">
                                            <OperatorNode operator="+">
                                                <OperatorNode operator="-">
                                                    <OperatorNode operator="+">
                                                        <OperatorNode operator="-">
                                                            <OperatorNode operator="+">
                                                                <OperatorNode operator="-">
                                                                    <OperatorNode operator="+">
                                                                        <OperatorNode operator="-">
                                                                            <OperatorNode operator="+">
                                                                                <IdentifierNode name="a" />
                                                                            </OperatorNode>
                                                                        </OperatorNode>
                                                                    </OperatorNode>
                                                                </OperatorNode>
                                                            </OperatorNode>
                                                        </OperatorNode>
                                                    </OperatorNode>
                                                </OperatorNode>
                                            </OperatorNode>
                                        </OperatorNode>
                                    </OperatorNode>
                                </OperatorNode>
                            </OperatorNode>
                        </OperatorNode>
                    </OperatorNode>
                </OperatorNode>
            </DeclarationStatementNode>
            <DeclarationStatementNode>
                <IdentifierNode name="a6" />
                <OperatorNode operator="-">
                    <OperatorNode operator="-">
                        <OperatorNode operator="-">
                            <OperatorNode operator="-">
                                <OperatorNode operator="-">
                                    <OperatorNode operator="-">
                                        <OperatorNode operator="-">
                                            <OperatorNode operator="-">
                                                <OperatorNode operator="-">
                                                    <OperatorNode operator="-">
                                                        <OperatorNode operator="-">
                                                            <OperatorNode operator="-">
                                                                <OperatorNode operator="-">
                                                                    <OperatorNode operator="-">
                                                                        <OperatorNode operator="-">
                                                                            <OperatorNode operator="-">
                                                                                <IdentifierNode name="a" />
                                                                            </OperatorNode>
                                                                        </OperatorNode>
                                                                    </OperatorNode>
                                                                </OperatorNode>
                                                            </OperatorNode>
                                                        </OperatorNode>
                                                    </OperatorNode>
                                                </OperatorNode>
                                            </OperatorNode>
                                        </OperatorNode>
                                    </OperatorNode>
                                </OperatorNode>
                            </OperatorNode>
                        </OperatorNode>
                    </OperatorNode>
                </OperatorNode>
            </DeclarationStatementNode>
            <DeclarationStatementNode>
                <IdentifierNode name="a7" />
                <OperatorNode operator="+">
                    <OperatorNode operator="+">
                        <OperatorNode operator="+">
                            <OperatorNode operator="+">
                                <OperatorNode operator="+">
                                    <OperatorNode operator="+">
                                        <OperatorNode operator="+">
                                            <OperatorNode operator="+">
                                                <OperatorNode operator="+">
                                                    <OperatorNode operator="+">
                                                        <OperatorNode operator="+">
                                                            <OperatorNode operator="+">
                                                                <OperatorNode operator="+">
                                                                    <OperatorNode operator="+">
                                                                        <OperatorNode operator="+">
                                                                            <OperatorNode operator="+">
                                                                                <IdentifierNode name="a" />
                                                                            </OperatorNode>
                                                                        </OperatorNode>
                                                                    </OperatorNode>
                                                                </OperatorNode>
                                                            </OperatorNode>
                                                        </OperatorNode>
                                                    </OperatorNode>
                                                </OperatorNode>
                                            </OperatorNode>
                                        </OperatorNode>
                                    </OperatorNode>
                                </OperatorNode>
                            </OperatorNode>
                        </OperatorNode>
                    </OperatorNode>
                </OperatorNode>
            </DeclarationStatementNode>
        </CodeBlockNode>
    </MainNode>
</ProgramNode>
