<?xml version="1.0" encoding="UTF-8"?>

<ProgramNode>
    <MainNode>
        <CodeBlockNode>
            <DeclarationStatementNode>
                <IdentifierNode name="null_char" />
                <CharacterLiteralNode value="0" />
            </DeclarationStatementNode>
            <PrintStatementNode>
                <IdentifierNode name="null_char" />
            </PrintStatementNode>
        </CodeBlockNode>
    </MainNode>
</ProgramNode>
