<?xml version="1.0" encoding="UTF-8"?>

<ProgramNode>
    <MainNode>
        <CodeBlockNode>
            <DeclarationStatementNode>
                <IdentifierNode name="_" />
                <IntegerLiteralNode value="1" />
            </DeclarationStatementNode>
            <PrintStatementNode>
                <IdentifierNode name="_" />
            </PrintStatementNode>
            <DeclarationStatementNode>
                <IdentifierNode name="________________" />
                <IntegerLiteralNode value="2" />
            </DeclarationStatementNode>
            <PrintStatementNode>
                <IdentifierNode name="________________" />
            </PrintStatementNode>
            <DeclarationStatementNode>
                <IdentifierNode name="_a" />
                <IntegerLiteralNode value="3" />
            </DeclarationStatementNode>
            <PrintStatementNode>
                <IdentifierNode name="_a" />
            </PrintStatementNode>
            <DeclarationStatementNode>
                <IdentifierNode name="_abc" />
                <IntegerLiteralNode value="4" />
            </DeclarationStatementNode>
            <PrintStatementNode>
                <IdentifierNode name="_abc" />
            </PrintStatementNode>
            <DeclarationStatementNode>
                <IdentifierNode name="_A" />
                <IntegerLiteralNode value="5" />
            </DeclarationStatementNode>
            <PrintStatementNode>
                <IdentifierNode name="_A" />
            </PrintStatementNode>
            <DeclarationStatementNode>
                <IdentifierNode name="_ABC" />
                <IntegerLiteralNode value="6" />
            </DeclarationStatementNode>
            <PrintStatementNode>
                <IdentifierNode name="_ABC" />
            </PrintStatementNode>
            <DeclarationStatementNode>
                <IdentifierNode name="_1" />
                <IntegerLiteralNode value="7" />
            </DeclarationStatementNode>
            <PrintStatementNode>
                <IdentifierNode name="_1" />
            </PrintStatementNode>
            <DeclarationStatementNode>
                <IdentifierNode name="_123" />
                <IntegerLiteralNode value="8" />
            </DeclarationStatementNode>
            <PrintStatementNode>
                <IdentifierNode name="_123" />
            </PrintStatementNode>
        </CodeBlockNode>
    </MainNode>
</ProgramNode>
